
 RUN  v4.1.5 /home/anon/Desktop/SOE

 ❯ tests/MentorComponents.test.tsx (3 tests | 1 failed) 1384ms
     ✓ runs a complete mentor session flow with success 108ms
     × runs error diagnosis and fixation flow 1059ms
     ✓ renders MentorTab and interacts with chat and regressions 213ms

⎯⎯⎯⎯⎯⎯⎯ Failed Tests 1 ⎯⎯⎯⎯⎯⎯⎯

 FAIL  tests/MentorComponents.test.tsx > MentorSession Component > runs error diagnosis and fixation flow
TestingLibraryElementError: Unable to find an element with the text: Teste de Fixação. This could be because the text is broken up by multiple elements. In this case, you can provide a function for your text matcher to make your matcher more flexible.

Ignored nodes: comments, script, style
[36m<body>[39m
  [36m<div>[39m
    [36m<div[39m
      [33mclass[39m=[32m"w-full max-w-4xl mx-auto space-y-8 pb-12"[39m
    [36m>[39m
      [36m<div[39m
        [33mclass[39m=[32m"flex flex-col md:flex-row md:items-center justify-between gap-6 px-2"[39m
      [36m>[39m
        [36m<div[39m
          [33mclass[39m=[32m"flex items-center gap-4"[39m
        [36m>[39m
          [36m<button[39m
            [33mclass[39m=[32m"p-3 bg-white/5 hover:bg-white/10 rounded-2xl transition-all"[39m
          [36m>[39m
            [36m<svg[39m
              [33mclass[39m=[32m"lucide lucide-chevron-left opacity-60"[39m
              [33mfill[39m=[32m"none"[39m
              [33mheight[39m=[32m"20"[39m
              [33mstroke[39m=[32m"currentColor"[39m
              [33mstroke-linecap[39m=[32m"round"[39m
              [33mstroke-linejoin[39m=[32m"round"[39m
              [33mstroke-width[39m=[32m"2"[39m
              [33mviewBox[39m=[32m"0 0 24 24"[39m
              [33mwidth[39m=[32m"20"[39m
              [33mxmlns[39m=[32m"http://www.w3.org/2000/svg"[39m
            [36m>[39m
              [36m<path[39m
                [33md[39m=[32m"m15 18-6-6 6-6"[39m
              [36m/>[39m
            [36m</svg>[39m
          [36m</button>[39m
          [36m<div[39m
            [33mclass[39m=[32m"p-3 bg-[var(--primary-bg-subtle)] rounded-2xl border border-[var(--primary-border)] shadow-xl shadow-[var(--primary-shadow)]"[39m
          [36m>[39m
            [36m<svg[39m
              [33mclass[39m=[32m"lucide lucide-brain w-6 h-6 text-[var(--primary)]"[39m
              [33mfill[39m=[32m"none"[39m
              [33mheight[39m=[32m"24"[39m
              [33mstroke[39m=[32m"currentColor"[39m
              [33mstroke-linecap[39m=[32m"round"[39m
              [33mstroke-linejoin[39m=[32m"round"[39m
              [33mstroke-width[39m=[32m"2"[39m
              [33mviewBox[39m=[32m"0 0 24 24"[39m
              [33mwidth[39m=[32m"24"[39m
              [33mxmlns[39m=[32m"http://www.w3.org/2000/svg"[39m
            [36m>[39m
              [36m<path[39m
                [33md[39m=[32m"M12 5a3 3 0 1 0-5.997.125 4 4 0 0 0-2.526 5.77 4 4 0 0 0 .556 6.588A4 4 0 1 0 12 18Z"[39m
              [36m/>[39m
              [36m<path[39m
                [33md[39m=[32m"M12 5a3 3 0 1 1 5.997.125 4 4 0 0 1 2.526 5.77 4 4 0 0 1-.556 6.588A4 4 0 1 1 12 18Z"[39m
              [36m/>[39m
              [36m<path[39m
                [33md[39m=[32m"M15 13a4.5 4.5 0 0 1-3-4 4.5 4.5 0 0 1-3 4"[39m
              [36m/>[39m
              [36m<path[39m
                [33md[39m=[32m"M17.599 6.5a3 3 0 0 0 .399-1.375"[39m
              [36m/>[39m
              [36m<path[39m
                [33md[39m=[32m"M6.003 5.125A3 3 0 0 0 6.401 6.5"[39m
              [36m/>[39m
              [36m<path[39m
                [33md[39m=[32m"M3.477 10.896a4 4 0 0 1 .585-.396"[39m
              [36m/>[39m
              [36m<path[39m
                [33md[39m=[32m"M19.938 10.5a4 4 0 0 1 .585.396"[39m
              [36m/>[39m
              [36m<path[39m
                [33md[39m=[32m"M6 18a4 4 0 0 1-1.967-.516"[39m
              [36m/>[39m
              [36m<path[39m
                [33md[39m=[32m"M19.967 17.484A4 4 0 0 1 18 18"[39m
              [36m/>[39m
            [36m</svg>[39m
          [36m</div>[39m
          [36m<div>[39m
            [36m<h1[39m
              [33mclass[39m=[32m"text-3xl font-black tracking-tight"[39m
              [33mstyle[39m=[32m"color: var(--app-fg);"[39m
            [36m>[39m
              [0mMentor IA[0m
            [36m</h1>[39m
            [36m<p[39m
              [33mclass[39m=[32m"text-sm opacity-60"[39m
            [36m>[39m
              [0mSessão adaptativa baseada em pontos fracos.[0m
            [36m</p>[39m
          [36m</div>[39m
        [36m</div>[39m
        [36m<div[39m
          [33mclass[39m=[32m"flex items-center gap-4 px-5 py-2.5 rounded-2xl bg-white/5 border border-white/5"[39m
        [36m>[39m
          [36m<div[39m
            [33mclass[39m=[32m"flex items-center gap-2"[39m
          [36m>[39m
            [36m<svg[39m
              [33mclass[39m=[32m"lucide lucide-activity text-[var(--primary)]"[39m
              [33mfill[39m=[32m"none"[39m
              [33mheight[39m=[32m"14"[39m
              [33mstroke[39m=[32m"currentColor"[39m
              [33mstroke-linecap[39m=[32m"round"[39m
              [33mstroke-linejoin[39m=[32m"round"[39m
              [33mstroke-width[39m=[32m"2"[39m
              [33mviewBox[39m=[32m"0 0 24 24"[39m
              [33mwidth[39m=[32m"14"[39m
              [33mxmlns[39m=[32m"http://www.w3.org/2000/svg"[39m
            [36m>[39m
              [36m<path[39m
                [33md[39m=[32m"M22 12h-2.48a2 2 0 0 0-1.93 1.46l-2.35 8.36a.25.25 0 0 1-.48 0L9.24 2.18a.25.25 0 0 0-.48 0l-2.35 8.36A2 2 0 0 1 4.49 12H2"[39m
              [36m/>[39m
            [36m</svg>[39m
            [36m<span[39m
              [33mclass[39m=[32m"text-[10px] font-black uppercase tracking-widest opacity-40"[39m
            [36m>[39m
              [0mEficiência[0m
            [36m</span>[39m
            [36m<span[39m
              [33mclass[39m=[32m"text-xs font-black"[39m
              [33mstyle[39m=[32m"color: var(--accent-amber);"[39m
            [36m>[39m
              [0m0[0m
              [0m%[0m
            [36m</span>[39m
          [36m</div>[39m
          [36m<div[39m
            [33mclass[39m=[32m"w-px h-4 bg-white/10"[39m
          [36m/>[39m
          [36m<div[39m
            [33mclass[39m=[32m"text-[10px] font-black uppercase tracking-widest opacity-40"[39m
          [36m>[39m
            [0mQuestão [0m
            [0m1[0m
            [0m / [0m
            [0m10[0m
          [36m</div>[39m
        [36m</div>[39m
      [36m</div>[39m
      [36m<div[39m
        [33manimate[39m=[32m"[object Object]"[39m
        [33mclass[39m=[32m"max-w-3xl mx-auto space-y-8"[39m
        [33mexit[39m=[32m"[object Object]"[39m
        [33minitial[39m=[32m"[object Object]"[39m
      [36m>[39m
        [36m<div[39m
          [33mclass[39m=[32m"soe-card p-10 border-l-4 border-rose-500"[39m
        [36m>[39m
          [36m<div[39m
            [33mclass[39m=[32m"flex items-center gap-3 mb-6"[39m
          [36m>[39m
            [36m<div[39m
              [33mclass[39m=[32m"w-10 h-10 rounded-xl bg-rose-500/10 flex items-center justify-center text-rose-500"[39m
            [36m>[39m
              [36m<svg[39m
                [33mclass[39m=[32m"lucide lucide-activity"[39m
                [33mfill[39m=[32m"none"[39m
                [33mheight[39m=[32m"20"[39m
                [33mstroke[39m=[32m"currentColor"[39m
                [33mstroke-linecap[39m=[32m"round"[39m
                [33mstroke-linejoin[39m=[32m"round"[39m
                [33mstroke-width[39m=[32m"2"[39m
                [33mviewBox[39m=[32m"0 0 24 24"[39m
                [33mwidth[39m=[32m"20"[39m
                [33mxmlns[39m=[32m"http://www.w3.org/2000/svg"[39m
              [36m>[39m
                [36m<path[39m
                  [33md[39m=[32m"M22 12h-2.48a2 2 0 0 0-1.93 1.46l-2.35 8.36a.25.25 0 0 1-.48 0L9.24 2.18a.25.25 0 0 0-.48 0l-2.35 8.36A2 2 0 0 1 4.49 12H2"[39m
                [36m/>[39m
              [36m</svg>[39m
            [36m</div>[39m
            [36m<h2[39m
              [33mclass[39m=[32m"text-xl font-black"[39m
              [33mstyle[39m=[32m"color: var(--app-fg);"[39m
            [36m>[39m
              [0mDiagnóstico de Erro[0m
            [36m</h2>[39m
          [36m</div>[39m
          [36m<p[39m
            [33mclass[39m=[32m"text-lg font-medium leading-relaxed opacity-80"[39m
          [36m>[39m
            [0mBad logic[0m
          [36m</p>[39m
        [36m</div>[39m
        [36m<div[39m
          [33mclass[39m=[32m"soe-card p-10 space-y-8"[39m
        [36m>[39m
          [36m<div[39m
            [33mclass[39m=[32m"text-lg font-bold leading-relaxed"[39m
          [36m>[39m
            [0mFix?[0m
          [36m</div>[39m
          [36m<div[39m
            [33mclass[39m=[32m"grid gap-3"[39m
          [36m>[39m
            [36m<button[39m
              [33mclass[39m=[32m"flex items-start gap-4 p-4 rounded-xl border transition-all text-left bg-white/5 border-white/5 hover:bg-white/10"[39m
            [36m>[39m
              [36m<span[39m
                [33mclass[39m=[32m"w-7 h-7 rounded-lg bg-white/5 flex items-center justify-center font-black text-[10px] shrink-0"[39m
              [36m>[39m
                [0mA[0m
              [36m</span>[39m
              [36m<span[39m
                [33mclass[39m=[32m"text-xs font-medium leading-relaxed"[39m
              [36m>[39m
                [0mFix A[0m
              [36m</span>[39m
            [36m</button>[39m
            [36m<button[39m
              [33mclass[39m=[32m"flex items-start gap-4 p-4 rounded-xl border transition-all text-left bg-white/5 border-white/5 hover:bg-white/10"[39m
            [36m>[39m
              [36m<span[39m
                [33mclass[39m=[32m"w-7 h-7 rounded-lg bg-white/5 flex items-center justify-center font-black text-[10px] shrink-0"[39m
              [36m>[39m
                [0mB[0m
              [36m</span>[39m
              [36m<span[39m
                [33mclass[39m=[32m"text-xs font-medium leading-relaxed"[39m
              [36m>[39m
                [0mFix B[0m
              [36m</span>[39m
            [36m</button>[39m
          [36m</div>[39m
          [36m<button[39m
            [33mclass[39m=[32m"inline-flex items-center justify-center gap-2 whitespace-nowrap transition-all disabled:pointer-events-none disabled:opacity-50 [&_svg]:pointer-events-none [&_svg:not([class*='size-'])]:size-4 shrink-0 [&_svg]:shrink-0 outline-none focus-visible:border-ring focus-visible:ring-ring/50 focus-visible:ring-[3px] aria-invalid:ring-destructive/20 dark:aria-invalid:ring-destructive/40 aria-invalid:border-destructive bg-primary text-primary-foreground hover:bg-primary/90 h-9 px-4 has-[>svg]:px-3 w-full py-4 rounded-2xl font-black text-xs uppercase tracking-widest"[39m
            [33mdata-slot[39m=[32m"button"[39m
          [36m>[39m
            [0mValidar Fixação[0m
          [36m</button>[39m
        [36m</div>[39m
      [36m</div>[39m
    [36m</div>[39m
  [36m</div>[39m
[36m</body>[39m

Ignored nodes: comments, script, style
[36m<html>[39m
  [36m<head />[39m
  [36m<body>[39m
    [36m<div>[39m
      [36m<div[39m
        [33mclass[39m=[32m"w-full max-w-4xl mx-auto space-y-8 pb-12"[39m
      [36m>[39m
        [36m<div[39m
          [33mclass[39m=[32m"flex flex-col md:flex-row md:items-center justify-between gap-6 px-2"[39m
        [36m>[39m
          [36m<div[39m
            [33mclass[39m=[32m"flex items-center gap-4"[39m
          [36m>[39m
            [36m<button[39m
              [33mclass[39m=[32m"p-3 bg-white/5 hover:bg-white/10 rounded-2xl transition-all"[39m
            [36m>[39m
              [36m<svg[39m
                [33mclass[39m=[32m"lucide lucide-chevron-left opacity-60"[39m
                [33mfill[39m=[32m"none"[39m
                [33mheight[39m=[32m"20"[39m
                [33mstroke[39m=[32m"currentColor"[39m
                [33mstroke-linecap[39m=[32m"round"[39m
                [33mstroke-linejoin[39m=[32m"round"[39m
                [33mstroke-width[39m=[32m"2"[39m
                [33mviewBox[39m=[32m"0 0 24 24"[39m
                [33mwidth[39m=[32m"20"[39m
                [33mxmlns[39m=[32m"http://www.w3.org/2000/svg"[39m
              [36m>[39m
                [36m<path[39m
                  [33md[39m=[32m"m15 18-6-6 6-6"[39m
                [36m/>[39m
              [36m</svg>[39m
            [36m</button>[39m
            [36m<div[39m
              [33mclass[39m=[32m"p-3 bg-[var(--primary-bg-subtle)] rounded-2xl border border-[var(--primary-border)] shadow-xl shadow-[var(--primary-shadow)]"[39m
            [36m>[39m
              [36m<svg[39m
                [33mclass[39m=[32m"lucide lucide-brain w-6 h-6 text-[var(--primary)]"[39m
                [33mfill[39m=[32m"none"[39m
                [33mheight[39m=[32m"24"[39m
                [33mstroke[39m=[32m"currentColor"[39m
                [33mstroke-linecap[39m=[32m"round"[39m
                [33mstroke-linejoin[39m=[32m"round"[39m
                [33mstroke-width[39m=[32m"2"[39m
                [33mviewBox[39m=[32m"0 0 24 24"[39m
                [33mwidth[39m=[32m"24"[39m
                [33mxmlns[39m=[32m"http://www.w3.org/2000/svg"[39m
              [36m>[39m
                [36m<path[39m
                  [33md[39m=[32m"M12 5a3 3 0 1 0-5.997.125 4 4 0 0 0-2.526 5.77 4 4 0 0 0 .556 6.588A4 4 0 1 0 12 18Z"[39m
                [36m/>[39m
                [36m<path[39m
                  [33md[39m=[32m"M12 5a3 3 0 1 1 5.997.125 4 4 0 0 1 2.526 5.77 4 4 0 0 1-.556 6.588A4 4 0 1 1 12 18Z"[39m
                [36m/>[39m
                [36m<path[39m
                  [33md[39m=[32m"M15 13a4.5 4.5 0 0 1-3-4 4.5 4.5 0 0 1-3 4"[39m
                [36m/>[39m
                [36m<path[39m
                  [33md[39m=[32m"M17.599 6.5a3 3 0 0 0 .399-1.375"[39m
                [36m/>[39m
                [36m<path[39m
                  [33md[39m=[32m"M6.003 5.125A3 3 0 0 0 6.401 6.5"[39m
                [36m/>[39m
                [36m<path[39m
                  [33md[39m=[32m"M3.477 10.896a4 4 0 0 1 .585-.396"[39m
                [36m/>[39m
                [36m<path[39m
                  [33md[39m=[32m"M19.938 10.5a4 4 0 0 1 .585.396"[39m
                [36m/>[39m
                [36m<path[39m
                  [33md[39m=[32m"M6 18a4 4 0 0 1-1.967-.516"[39m
                [36m/>[39m
                [36m<path[39m
                  [33md[39m=[32m"M19.967 17.484A4 4 0 0 1 18 18"[39m
                [36m/>[39m
              [36m</svg>[39m
            [36m</div>[39m
            [36m<div>[39m
              [36m<h1[39m
                [33mclass[39m=[32m"text-3xl font-black tracking-tight"[39m
                [33mstyle[39m=[32m"color: var(--app-fg);"[39m
              [36m>[39m
                [0mMentor IA[0m
              [36m</h1>[39m
              [36m<p[39m
                [33mclass[39m=[32m"text-sm opacity-60"[39m
              [36m>[39m
                [0mSessão adaptativa baseada em pontos fracos.[0m
              [36m</p>[39m
            [36m</div>[39m
          [36m</div>[39m
          [36m<div[39m
            [33mclass[39m=[32m"flex items-center gap-4 px-5 py-2.5 rounded-2xl bg-white/5 border border-white/5"[39m
          [36m>[39m
            [36m<div[39m
              [33mclass[39m=[32m"flex items-center gap-2"[39m
            [36m>[39m
              [36m<svg[39m
                [33mclass[39m=[32m"lucide lucide-activity text-[var(--primary)]"[39m
                [33mfill[39m=[32m"none"[39m
                [33mheight[39m=[32m"14"[39m
                [33mstroke[39m=[32m"currentColor"[39m
                [33mstroke-linecap[39m=[32m"round"[39m
                [33mstroke-linejoin[39m=[32m"round"[39m
                [33mstroke-width[39m=[32m"2"[39m
                [33mviewBox[39m=[32m"0 0 24 24"[39m
                [33mwidth[39m=[32m"14"[39m
                [33mxmlns[39m=[32m"http://www.w3.org/2000/svg"[39m
              [36m>[39m
                [36m<path[39m
                  [33md[39m=[32m"M22 12h-2.48a2 2 0 0 0-1.93 1.46l-2.35 8.36a.25.25 0 0 1-.48 0L9.24 2.18a.25.25 0 0 0-.48 0l-2.35 8.36A2 2 0 0 1 4.49 12H2"[39m
                [36m/>[39m
              [36m</svg>[39m
              [36m<span[39m
                [33mclass[39m=[32m"text-[10px] font-black uppercase tracking-widest opacity-40"[39m
              [36m>[39m
                [0mEficiência[0m
              [36m</span>[39m
              [36m<span[39m
                [33mclass[39m=[32m"text-xs font-black"[39m
                [33mstyle[39m=[32m"color: var(--accent-amber);"[39m
              [36m>[39m
                [0m0[0m
                [0m%[0m
              [36m</span>[39m
            [36m</div>[39m
            [36m<div[39m
              [33mclass[39m=[32m"w-px h-4 bg-white/10"[39m
            [36m/>[39m
            [36m<div[39m
              [33mclass[39m=[32m"text-[10px] font-black uppercase tracking-widest opacity-40"[39m
            [36m>[39m
              [0mQuestão [0m
              [0m1[0m
              [0m / [0m
              [0m10[0m
            [36m</div>[39m
          [36m</div>[39m
        [36m</div>[39m
        [36m<div[39m
          [33manimate[39m=[32m"[object Object]"[39m
          [33mclass[39m=[32m"max-w-3xl mx-auto space-y-8"[39m
          [33mexit[39m=[32m"[object Object]"[39m
          [33minitial[39m=[32m"[object Object]"[39m
        [36m>[39m
          [36m<div[39m
            [33mclass[39m=[32m"soe-card p-10 border-l-4 border-rose-500"[39m
          [36m>[39m
            [36m<div[39m
              [33mclass[39m=[32m"flex items-center gap-3 mb-6"[39m
            [36m>[39m
              [36m<div[39m
                [33mclass[39m=[32m"w-10 h-10 rounded-xl bg-rose-500/10 flex items-center justify-center text-rose-500"[39m
              [36m>[39m
                [36m<svg[39m
                  [33mclass[39m=[32m"lucide lucide-activity"[39m
                  [33mfill[39m=[32m"none"[39m
                  [33mheight[39m=[32m"20"[39m
                  [33mstroke[39m=[32m"currentColor"[39m
                  [33mstroke-linecap[39m=[32m"round"[39m
                  [33mstroke-linejoin[39m=[32m"round"[39m
                  [33mstroke-width[39m=[32m"2"[39m
                  [33mviewBox[39m=[32m"0 0 24 24"[39m
                  [33mwidth[39m=[32m"20"[39m
                  [33mxmlns[39m=[32m"http://www.w3.org/2000/svg"[39m
                [36m>[39m
                  [36m<path[39m
                    [33md[39m=[32m"M22 12h-2.48a2 2 0 0 0-1.93 1.46l-2.35 8.36a.25.25 0 0 1-.48 0L9.24 2.18a.25.25 0 0 0-.48 0l-2.35 8.36A2 2 0 0 1 4.49 12H2"[39m
                  [36m/>[39m
                [36m</svg>[39m
              [36m</div>[39m
              [36m<h2[39m
                [33mclass[39m=[32m"text-xl font-black"[39m
                [33mstyle[39m=[32m"color: var(--app-fg);"[39m
              [36m>[39m
                [0mDiagnóstico de Erro[0m
              [36m</h2>[39m
            [36m</div>[39m
            [36m<p[39m
              [33mclass[39m=[32m"text-lg font-medium leading-relaxed opacity-80"[39m
            [36m>[39m
              [0mBad logic[0m
            [36m</p>[39m
          [36m</div>[39m
          [36m<div[39m
            [33mclass[39m=[32m"soe-card p-10 space-y-8"[39m
          [36m>[39m
            [36m<div[39m
              [33mclass[39m=[32m"text-lg font-bold leading-relaxed"[39m
            [36m>[39m
              [0mFix?[0m
            [36m</div>[39m
            [36m<div[39m
              [33mclass[39m=[32m"grid gap-3"[39m
            [36m>[39m
              [36m<button[39m
                [33mclass[39m=[32m"flex items-start gap-4 p-4 rounded-xl border transition-all text-left bg-white/5 border-white/5 hover:bg-white/10"[39m
              [36m>[39m
                [36m<span[39m
                  [33mclass[39m=[32m"w-7 h-7 rounded-lg bg-white/5 flex items-center justify-center font-black text-[10px] shrink-0"[39m
                [36m>[39m
                  [0mA[0m
                [36m</span>[39m
                [36m<span[39m
                  [33mclass[39m=[32m"text-xs font-medium leading-relaxed"[39m
                [36m>[39m
                  [0mFix A[0m
                [36m</span>[39m
              [36m</button>[39m
              [36m<button[39m
                [33mclass[39m=[32m"flex items-start gap-4 p-4 rounded-xl border transition-all text-left bg-white/5 border-white/5 hover:bg-white/10"[39m
              [36m>[39m
                [36m<span[39m
                  [33mclass[39m=[32m"w-7 h-7 rounded-lg bg-white/5 flex items-center justify-center font-black text-[10px] shrink-0"[39m
                [36m>[39m
                  [0mB[0m
                [36m</span>[39m
                [36m<span[39m
                  [33mclass[39m=[32m"text-xs font-medium leading-relaxed"[39m
                [36m>[39m
                  [0mFix B[0m
                [36m</span>[39m
              [36m</button>[39m
            [36m</div>[39m
            [36m<button[39m
              [33mclass[39m=[32m"inline-flex items-center justify-center gap-2 whitespace-nowrap transition-all disabled:pointer-events-none disabled:opacity-50 [&_svg]:pointer-events-none [&_svg:not([class*='size-'])]:size-4 shrink-0 [&_svg]:shrink-0 outline-none focus-visible:border-ring focus-visible:ring-ring/50 focus-visible:ring-[3px] aria-invalid:ring-destructive/20 dark:aria-invalid:ring-destructive/40 aria-invalid:border-destructive bg-primary text-primary-foreground hover:bg-primary/90 h-9 px-4 has-[>svg]:px-3 w-full py-4 rounded-2xl font-black text-xs uppercase tracking-widest"[39m
              [33mdata-slot[39m=[32m"button"[39m
            [36m>[39m
              [0mValidar Fixação[0m
            [36m</button>[39m
          [36m</div>[39m
        [36m</div>[39m
      [36m</div>[39m
    [36m</div>[39m
  [36m</body>[39m
[36m</html>[39m
 ❯ Proxy.waitForWrapper node_modules/@testing-library/dom/dist/wait-for.js:163:27
 ❯ tests/MentorComponents.test.tsx:280:11
    278|
    279|     // Fixation Phase
    280|     await waitFor(() => {
       |           ^
    281|       expect(screen.getByText("Diagnóstico de Erro")).toBeTruthy();
    282|       expect(screen.getByText("Teste de Fixação")).toBeTruthy();

⎯⎯⎯⎯⎯⎯⎯⎯⎯⎯⎯⎯⎯⎯⎯⎯⎯⎯⎯⎯⎯⎯⎯⎯[1/1]⎯


 Test Files  1 failed (1)
      Tests  1 failed | 2 passed (3)
   Start at  01:11:14
   Duration  2.63s (transform 195ms, setup 0ms, import 520ms, tests 1.38s, environment 600ms)

