
 RUN  v4.1.5 /home/anon/Desktop/SOE

 ✓ tests/MorePages.test.tsx (4 tests | 3 skipped) 500ms
     ✓ runs through a session  496ms

 Test Files  1 passed (1)
      Tests  1 passed | 3 skipped (4)
   Start at  00:19:41
   Duration  7.07s (transform 834ms, setup 0ms, import 5.22s, tests 500ms, environment 1.13s)

